<?xml version="1.0"?>
<testsuites>
  <testsuite name="Firefox 19.0" package="undefined" timestamp="2013-01-28T00:00:23" id="0" hostname="users-MacBook-Air.local" tests="2" errors="0" failures="0" time="0.007">
    <properties>
      <property name="browser.fullName" value="Mozilla/5.0 (Macintosh; Intel Mac OS X 10.8; rv:19.0) Gecko/20100101 Firefox/19.0"/>
    </properties>
    <testcase name="events namespace is defined" time="0.007" classname="Firefox 19.0.testing events"/>
    <testcase name="defines a global Gauges.Widgets namespace" time="0" classname="Firefox 19.0.testing Widgets class"/>
    <system-out/>
    <system-err/>
  </testsuite>
</testsuites>
