<?xml version="1.0"?>
<testsuites>
  <testsuite name="Chrome 24.0" package="undefined" timestamp="2013-02-18T23:36:45" id="0" hostname="users-MacBook-Air.local" tests="2" errors="0" failures="0" time="0.009">
    <properties>
      <property name="browser.fullName" value="Mozilla/5.0 (Macintosh; Intel Mac OS X 10_8_2) AppleWebKit/537.17 (KHTML, like Gecko) Chrome/24.0.1312.57 Safari/537.17"/>
    </properties>
    <testcase name="events namespace is defined" time="0.008" classname="Chrome 24.0.testing events"/>
    <testcase name="defines a global Gauges.Widgets namespace" time="0.001" classname="Chrome 24.0.testing Widgets class"/>
    <system-out/>
    <system-err/>
  </testsuite>
</testsuites>
